Loading Anaconda module
Activating Conda environment
Running the training script
file                 |  probability |   ESU_shard2 |   ESU_shard4
--------------------------------------------------------------------------------
forget13.json        |        0.000 |           S1 |           S1
forget07.json        |        0.003 |           S1 |           S1
forget08.json        |        0.156 |           S1 |           S1
forget11.json        |        0.235 |           S1 |           S1
forget02.json        |        0.243 |           S1 |           S1
forget17.json        |        0.247 |           S1 |           S2
forget04.json        |        0.357 |           S1 |           S2
forget15.json        |        0.361 |           S1 |           S2
forget01.json        |        0.370 |           S1 |           S2
forget05.json        |        0.419 |           S1 |           S2
forget10.json        |        0.433 |           S2 |           S3
forget20.json        |        0.521 |           S2 |           S3
forget19.json        |        0.522 |           S2 |           S3
forget03.json        |        0.558 |           S2 |           S3
forget14.json        |        0.559 |           S2 |           S3
forget09.json        |        0.577 |           S2 |           S4
forget06.json        |        0.635 |           S2 |           S4
forget16.json        |        0.659 |           S2 |           S4
forget18.json        |        0.677 |           S2 |           S4
forget12.json        |        0.700 |           S2 |           S4

Completed in 4.48 seconds.
Job finished
